// Jest Snapshot v1, https://goo.gl/fbAQLP

exports[`runtime should use dynamic variables fallback 1`] = `".__button_812yns{padding:2rem 4rem;color:red;border:0.5rem solid;}"`;

exports[`runtime should work with keyframes 1`] = `"_qrjiv5"`;

exports[`runtime should work with keyframes 2`] = `"@keyframes _qrjiv5{0%,25%{opacity:0;}100%{opacity:1;}}"`;
