// Jest Snapshot v1, https://goo.gl/fbAQLP

exports[`webpack inserts name and outputs JavaScript 1`] = `
"import React from 'react';
import styled, { set, create, css, use, map, __css__ } from \\"@reshadow/core\\";
const styled_c8 = create([(
require('.cache/reshadow/4128169455.module.css')
, {
  \\"__button\\": \`___button_16ihb_1\`,
  \\"_disabled\\": \`__disabled_16ihb_1\`
})]);

const App = ({
  disabled,
  type,
  color = 'grey'
}) => styled((set([styled_c8], {
  \\"--nbh5qg_0\\": color
}), /*#__PURE__*/React.createElement(\\"button\\", map(\\"button\\", {
  type: type,
  disabled: disabled,
  $$style: styled.$$style
}, use({
  theme: \\"normal\\"
})), /*#__PURE__*/React.createElement(\\"div\\", {
  className: styled.styles[\\"__control\\"]
}, \\"click\\"))));

export default App;"
`;

exports[`webpack inserts name and outputs JavaScript 2`] = `
".___button_16ihb_1.__disabled_16ihb_1 {
    color: var(--nbh5qg_0);
    content: \\"'\\";
}"
`;
